Archive member included to satisfy reference by file (symbol)

/opt/st/stm32cubeide_1.13.2_2/plugins/com.st.stm32cube.ide.mcu.externaltools.gnu-tools-for-stm32.11.3.rel1.linux64_1.1.1.202309131626/tools/bin/../lib/gcc/arm-none-eabi/11.3.1/../../../../arm-none-eabi/lib/thumb/v7e-m+fp/hard/libc_nano.a(libc_a-exit.o)
                              /opt/st/stm32cubeide_1.13.2_2/plugins/com.st.stm32cube.ide.mcu.externaltools.gnu-tools-for-stm32.11.3.rel1.linux64_1.1.1.202309131626/tools/bin/../lib/gcc/arm-none-eabi/11.3.1/../../../../arm-none-eabi/lib/thumb/v7e-m+fp/hard/crt0.o (exit)
/opt/st/stm32cubeide_1.13.2_2/plugins/com.st.stm32cube.ide.mcu.externaltools.gnu-tools-for-stm32.11.3.rel1.linux64_1.1.1.202309131626/tools/bin/../lib/gcc/arm-none-eabi/11.3.1/../../../../arm-none-eabi/lib/thumb/v7e-m+fp/hard/libc_nano.a(libc_a-findfp.o)
                              /opt/st/stm32cubeide_1.13.2_2/plugins/com.st.stm32cube.ide.mcu.externaltools.gnu-tools-for-stm32.11.3.rel1.linux64_1.1.1.202309131626/tools/bin/../lib/gcc/arm-none-eabi/11.3.1/../../../../arm-none-eabi/lib/thumb/v7e-m+fp/hard/libc_nano.a(libc_a-exit.o) (__stdio_exit_handler)
/opt/st/stm32cubeide_1.13.2_2/plugins/com.st.stm32cube.ide.mcu.externaltools.gnu-tools-for-stm32.11.3.rel1.linux64_1.1.1.202309131626/tools/bin/../lib/gcc/arm-none-eabi/11.3.1/../../../../arm-none-eabi/lib/thumb/v7e-m+fp/hard/libc_nano.a(libc_a-fwalk.o)
                              /opt/st/stm32cubeide_1.13.2_2/plugins/com.st.stm32cube.ide.mcu.externaltools.gnu-tools-for-stm32.11.3.rel1.linux64_1.1.1.202309131626/tools/bin/../lib/gcc/arm-none-eabi/11.3.1/../../../../arm-none-eabi/lib/thumb/v7e-m+fp/hard/libc_nano.a(libc_a-findfp.o) (_fwalk_sglue)
/opt/st/stm32cubeide_1.13.2_2/plugins/com.st.stm32cube.ide.mcu.externaltools.gnu-tools-for-stm32.11.3.rel1.linux64_1.1.1.202309131626/tools/bin/../lib/gcc/arm-none-eabi/11.3.1/../../../../arm-none-eabi/lib/thumb/v7e-m+fp/hard/libc_nano.a(libc_a-stdio.o)
                              /opt/st/stm32cubeide_1.13.2_2/plugins/com.st.stm32cube.ide.mcu.externaltools.gnu-tools-for-stm32.11.3.rel1.linux64_1.1.1.202309131626/tools/bin/../lib/gcc/arm-none-eabi/11.3.1/../../../../arm-none-eabi/lib/thumb/v7e-m+fp/hard/libc_nano.a(libc_a-findfp.o) (__sread)
/opt/st/stm32cubeide_1.13.2_2/plugins/com.st.stm32cube.ide.mcu.externaltools.gnu-tools-for-stm32.11.3.rel1.linux64_1.1.1.202309131626/tools/bin/../lib/gcc/arm-none-eabi/11.3.1/../../../../arm-none-eabi/lib/thumb/v7e-m+fp/hard/libc_nano.a(libc_a-memset.o)
                              /opt/st/stm32cubeide_1.13.2_2/plugins/com.st.stm32cube.ide.mcu.externaltools.gnu-tools-for-stm32.11.3.rel1.linux64_1.1.1.202309131626/tools/bin/../lib/gcc/arm-none-eabi/11.3.1/../../../../arm-none-eabi/lib/thumb/v7e-m+fp/hard/crt0.o (memset)
/opt/st/stm32cubeide_1.13.2_2/plugins/com.st.stm32cube.ide.mcu.externaltools.gnu-tools-for-stm32.11.3.rel1.linux64_1.1.1.202309131626/tools/bin/../lib/gcc/arm-none-eabi/11.3.1/../../../../arm-none-eabi/lib/thumb/v7e-m+fp/hard/libc_nano.a(libc_a-closer.o)
                              /opt/st/stm32cubeide_1.13.2_2/plugins/com.st.stm32cube.ide.mcu.externaltools.gnu-tools-for-stm32.11.3.rel1.linux64_1.1.1.202309131626/tools/bin/../lib/gcc/arm-none-eabi/11.3.1/../../../../arm-none-eabi/lib/thumb/v7e-m+fp/hard/libc_nano.a(libc_a-stdio.o) (_close_r)
/opt/st/stm32cubeide_1.13.2_2/plugins/com.st.stm32cube.ide.mcu.externaltools.gnu-tools-for-stm32.11.3.rel1.linux64_1.1.1.202309131626/tools/bin/../lib/gcc/arm-none-eabi/11.3.1/../../../../arm-none-eabi/lib/thumb/v7e-m+fp/hard/libc_nano.a(libc_a-reent.o)
                              /opt/st/stm32cubeide_1.13.2_2/plugins/com.st.stm32cube.ide.mcu.externaltools.gnu-tools-for-stm32.11.3.rel1.linux64_1.1.1.202309131626/tools/bin/../lib/gcc/arm-none-eabi/11.3.1/../../../../arm-none-eabi/lib/thumb/v7e-m+fp/hard/libc_nano.a(libc_a-closer.o) (errno)
/opt/st/stm32cubeide_1.13.2_2/plugins/com.st.stm32cube.ide.mcu.externaltools.gnu-tools-for-stm32.11.3.rel1.linux64_1.1.1.202309131626/tools/bin/../lib/gcc/arm-none-eabi/11.3.1/../../../../arm-none-eabi/lib/thumb/v7e-m+fp/hard/libc_nano.a(libc_a-impure.o)
                              /opt/st/stm32cubeide_1.13.2_2/plugins/com.st.stm32cube.ide.mcu.externaltools.gnu-tools-for-stm32.11.3.rel1.linux64_1.1.1.202309131626/tools/bin/../lib/gcc/arm-none-eabi/11.3.1/../../../../arm-none-eabi/lib/thumb/v7e-m+fp/hard/libc_nano.a(libc_a-reent.o) (_impure_ptr)
/opt/st/stm32cubeide_1.13.2_2/plugins/com.st.stm32cube.ide.mcu.externaltools.gnu-tools-for-stm32.11.3.rel1.linux64_1.1.1.202309131626/tools/bin/../lib/gcc/arm-none-eabi/11.3.1/../../../../arm-none-eabi/lib/thumb/v7e-m+fp/hard/libc_nano.a(libc_a-lseekr.o)
                              /opt/st/stm32cubeide_1.13.2_2/plugins/com.st.stm32cube.ide.mcu.externaltools.gnu-tools-for-stm32.11.3.rel1.linux64_1.1.1.202309131626/tools/bin/../lib/gcc/arm-none-eabi/11.3.1/../../../../arm-none-eabi/lib/thumb/v7e-m+fp/hard/libc_nano.a(libc_a-stdio.o) (_lseek_r)
[...]
Memory Configuration

Name             Origin             Length             Attributes
RAM              0x0000000020000000 0x0000000000018000 xrw
RAM2             0x0000000010000000 0x0000000000008000 xrw
FLASH            0x0000000008000000 0x0000000000100000 xr
*default*        0x0000000000000000 0xffffffffffffffff

Linker script and memory map

LOAD /opt/st/stm32cubeide_1.13.2_2/plugins/com.st.stm32cube.ide.mcu.externaltools.gnu-tools-for-stm32.11.3.rel1.linux64_1.1.1.202309131626/tools/bin/../lib/gcc/arm-none-eabi/11.3.1/thumb/v7e-m+fp/hard/crti.o
LOAD /opt/st/stm32cubeide_1.13.2_2/plugins/com.st.stm32cube.ide.mcu.externaltools.gnu-tools-for-stm32.11.3.rel1.linux64_1.1.1.202309131626/tools/bin/../lib/gcc/arm-none-eabi/11.3.1/thumb/v7e-m+fp/hard/crtbegin.o
LOAD /opt/st/stm32cubeide_1.13.2_2/plugins/com.st.stm32cube.ide.mcu.externaltools.gnu-tools-for-stm32.11.3.rel1.linux64_1.1.1.202309131626/tools/bin/../lib/gcc/arm-none-eabi/11.3.1/../../../../arm-none-eabi/lib/thumb/v7e-m+fp/hard/crt0.o
LOAD ./Core/Src/main.o
LOAD ./Core/Src/stm32l4xx_hal_msp.o
LOAD ./Core/Src/stm32l4xx_it.o
LOAD ./Core/Src/syscalls.o
LOAD ./Core/Src/sysmem.o
LOAD ./Core/Src/system_stm32l4xx.o
LOAD ./Core/Startup/startup_stm32l475vgtx.o
LOAD ./Drivers/STM32L4xx_HAL_Driver/Src/stm32l4xx_hal.o
LOAD ./Drivers/STM32L4xx_HAL_Driver/Src/stm32l4xx_hal_cortex.o
LOAD ./Drivers/STM32L4xx_HAL_Driver/Src/stm32l4xx_hal_dma.o
LOAD ./Drivers/STM32L4xx_HAL_Driver/Src/stm32l4xx_hal_dma_ex.o
LOAD ./Drivers/STM32L4xx_HAL_Driver/Src/stm32l4xx_hal_exti.o
LOAD ./Drivers/STM32L4xx_HAL_Driver/Src/stm32l4xx_hal_flash.o
LOAD ./Drivers/STM32L4xx_HAL_Driver/Src/stm32l4xx_hal_flash_ex.o
LOAD ./Drivers/STM32L4xx_HAL_Driver/Src/stm32l4xx_hal_flash_ramfunc.o
LOAD ./Drivers/STM32L4xx_HAL_Driver/Src/stm32l4xx_hal_gpio.o
LOAD ./Drivers/STM32L4xx_HAL_Driver/Src/stm32l4xx_hal_pwr.o
LOAD ./Drivers/STM32L4xx_HAL_Driver/Src/stm32l4xx_hal_pwr_ex.o
LOAD ./Drivers/STM32L4xx_HAL_Driver/Src/stm32l4xx_hal_rcc.o
LOAD ./Drivers/STM32L4xx_HAL_Driver/Src/stm32l4xx_hal_rcc_ex.o
LOAD ./Drivers/STM32L4xx_HAL_Driver/Src/stm32l4xx_hal_tim.o
LOAD ./Drivers/STM32L4xx_HAL_Driver/Src/stm32l4xx_hal_tim_ex.o
LOAD ./Drivers/STM32L4xx_HAL_Driver/Src/stm32l4xx_hal_uart.o
LOAD ./Drivers/STM32L4xx_HAL_Driver/Src/stm32l4xx_hal_uart_ex.o
START GROUP
LOAD /opt/st/stm32cubeide_1.13.2_2/plugins/com.st.stm32cube.ide.mcu.externaltools.gnu-tools-for-stm32.11.3.rel1.linux64_1.1.1.202309131626/tools/bin/../lib/gcc/arm-none-eabi/11.3.1/../../../../arm-none-eabi/lib/thumb/v7e-m+fp/hard/libc_nano.a
LOAD /opt/st/stm32cubeide_1.13.2_2/plugins/com.st.stm32cube.ide.mcu.externaltools.gnu-tools-for-stm32.11.3.rel1.linux64_1.1.1.202309131626/tools/bin/../lib/gcc/arm-none-eabi/11.3.1/../../../../arm-none-eabi/lib/thumb/v7e-m+fp/hard/libm.a
END GROUP
START GROUP
LOAD /opt/st/stm32cubeide_1.13.2_2/plugins/com.st.stm32cube.ide.mcu.externaltools.gnu-tools-for-stm32.11.3.rel1.linux64_1.1.1.202309131626/tools/bin/../lib/gcc/arm-none-eabi/11.3.1/thumb/v7e-m+fp/hard/libgcc.a
LOAD /opt/st/stm32cubeide_1.13.2_2/plugins/com.st.stm32cube.ide.mcu.externaltools.gnu-tools-for-stm32.11.3.rel1.linux64_1.1.1.202309131626/tools/bin/../lib/gcc/arm-none-eabi/11.3.1/../../../../arm-none-eabi/lib/thumb/v7e-m+fp/hard/libc_nano.a
END GROUP
START GROUP
LOAD /opt/st/stm32cubeide_1.13.2_2/plugins/com.st.stm32cube.ide.mcu.externaltools.gnu-tools-for-stm32.11.3.rel1.linux64_1.1.1.202309131626/tools/bin/../lib/gcc/arm-none-eabi/11.3.1/thumb/v7e-m+fp/hard/libgcc.a
LOAD /opt/st/stm32cubeide_1.13.2_2/plugins/com.st.stm32cube.ide.mcu.externaltools.gnu-tools-for-stm32.11.3.rel1.linux64_1.1.1.202309131626/tools/bin/../lib/gcc/arm-none-eabi/11.3.1/../../../../arm-none-eabi/lib/thumb/v7e-m+fp/hard/libc_nano.a
LOAD /opt/st/stm32cubeide_1.13.2_2/plugins/com.st.stm32cube.ide.mcu.externaltools.gnu-tools-for-stm32.11.3.rel1.linux64_1.1.1.202309131626/tools/bin/../lib/gcc/arm-none-eabi/11.3.1/../../../../arm-none-eabi/lib/thumb/v7e-m+fp/hard/libnosys.a
END GROUP
START GROUP
LOAD /opt/st/stm32cubeide_1.13.2_2/plugins/com.st.stm32cube.ide.mcu.externaltools.gnu-tools-for-stm32.11.3.rel1.linux64_1.1.1.202309131626/tools/bin/../lib/gcc/arm-none-eabi/11.3.1/thumb/v7e-m+fp/hard/libgcc.a
LOAD /opt/st/stm32cubeide_1.13.2_2/plugins/com.st.stm32cube.ide.mcu.externaltools.gnu-tools-for-stm32.11.3.rel1.linux64_1.1.1.202309131626/tools/bin/../lib/gcc/arm-none-eabi/11.3.1/../../../../arm-none-eabi/lib/thumb/v7e-m+fp/hard/libc_nano.a
LOAD /opt/st/stm32cubeide_1.13.2_2/plugins/com.st.stm32cube.ide.mcu.externaltools.gnu-tools-for-stm32.11.3.rel1.linux64_1.1.1.202309131626/tools/bin/../lib/gcc/arm-none-eabi/11.3.1/../../../../arm-none-eabi/lib/thumb/v7e-m+fp/hard/libnosys.a
END GROUP
LOAD /opt/st/stm32cubeide_1.13.2_2/plugins/com.st.stm32cube.ide.mcu.externaltools.gnu-tools-for-stm32.11.3.rel1.linux64_1.1.1.202309131626/tools/bin/../lib/gcc/arm-none-eabi/11.3.1/thumb/v7e-m+fp/hard/crtend.o
LOAD /opt/st/stm32cubeide_1.13.2_2/plugins/com.st.stm32cube.ide.mcu.externaltools.gnu-tools-for-stm32.11.3.rel1.linux64_1.1.1.202309131626/tools/bin/../lib/gcc/arm-none-eabi/11.3.1/thumb/v7e-m+fp/hard/crtn.o
                0x0000000020018000                _estack = (ORIGIN (RAM) + LENGTH (RAM))
                0x0000000000000200                _Min_Heap_Size = 0x200
                0x0000000000000400                _Min_Stack_Size = 0x400

.isr_vector     0x0000000008000000      0x188
                0x0000000008000000                . = ALIGN (0x4)
 *(.isr_vector)
 .isr_vector    0x0000000008000000      0x188 ./Core/Startup/startup_stm32l475vgtx.o
                0x0000000008000000                g_pfnVectors
                0x0000000008000188                . = ALIGN (0x4)

.text           0x0000000008000188     0x2ddc
                0x0000000008000188                . = ALIGN (0x4)
 *(.text)
 .text          0x0000000008000188       0x40 /opt/st/stm32cubeide_1.13.2_2/plugins/com.st.stm32cube.ide.mcu.externaltools.gnu-tools-for-stm32.11.3.rel1.linux64_1.1.1.202309131626/tools/bin/../lib/gcc/arm-none-eabi/11.3.1/thumb/v7e-m+fp/hard/crtbegin.o
 .text          0x00000000080001c8       0x30 /opt/st/stm32cubeide_1.13.2_2/plugins/com.st.stm32cube.ide.mcu.externaltools.gnu-tools-for-stm32.11.3.rel1.linux64_1.1.1.202309131626/tools/bin/../lib/gcc/arm-none-eabi/11.3.1/thumb/v7e-m+fp/hard/libgcc.a(_aeabi_uldivmod.o)
                0x00000000080001c8                __aeabi_uldivmod
 .text          0x00000000080001f8      0x2c8 /opt/st/stm32cubeide_1.13.2_2/plugins/com.st.stm32cube.ide.mcu.externaltools.gnu-tools-for-stm32.11.3.rel1.linux64_1.1.1.202309131626/tools/bin/../lib/gcc/arm-none-eabi/11.3.1/thumb/v7e-m+fp/hard/libgcc.a(_udivmoddi4.o)
                0x00000000080001f8                __udivmoddi4
 .text          0x00000000080004c0        0x4 /opt/st/stm32cubeide_1.13.2_2/plugins/com.st.stm32cube.ide.mcu.externaltools.gnu-tools-for-stm32.11.3.rel1.linux64_1.1.1.202309131626/tools/bin/../lib/gcc/arm-none-eabi/11.3.1/thumb/v7e-m+fp/hard/libgcc.a(_dvmd_tls.o)
                0x00000000080004c0                __aeabi_ldiv0
                0x00000000080004c0                __aeabi_idiv0
 *(.text*)
 .text.main     0x00000000080004c4       0x16 ./Core/Src/main.o
                0x00000000080004c4                main
 .text.SystemClock_Config
                0x00000000080004da       0xa4 ./Core/Src/main.o
                0x00000000080004da                SystemClock_Config
 *fill*         0x000000000800057e        0x2 
 .text.MX_USART1_UART_Init
                0x0000000008000580       0x60 ./Core/Src/main.o
 .text.MX_GPIO_Init
                0x00000000080005e0       0x7c ./Core/Src/main.o
 .text.Error_Handler
                0x000000000800065c        0xa ./Core/Src/main.o
                0x000000000800065c                Error_Handler
 *fill*         0x0000000008000666        0x2 
 .text.HAL_MspInit
                0x0000000008000668       0x48 ./Core/Src/stm32l4xx_hal_msp.o
                0x0000000008000668                HAL_MspInit
 .text.HAL_UART_MspInit
                0x00000000080006b0       0xbc ./Core/Src/stm32l4xx_hal_msp.o
                0x00000000080006b0                HAL_UART_MspInit
 .text.NMI_Handler
                0x000000000800076c        0x6 ./Core/Src/stm32l4xx_it.o
                0x000000000800076c                NMI_Handler
 .text.HardFault_Handler
                0x0000000008000772        0x6 ./Core/Src/stm32l4xx_it.o
                0x0000000008000772                HardFault_Handler
 .text.MemManage_Handler
                0x0000000008000778        0x6 ./Core/Src/stm32l4xx_it.o
                0x0000000008000778                MemManage_Handler
 .text.BusFault_Handler
                0x000000000800077e        0x6 ./Core/Src/stm32l4xx_it.o
                0x000000000800077e                BusFault_Handler
 .text.UsageFault_Handler
                0x0000000008000784        0x6 ./Core/Src/stm32l4xx_it.o
                0x0000000008000784                UsageFault_Handler
 .text.SVC_Handler
                0x000000000800078a        0xe ./Core/Src/stm32l4xx_it.o
                0x000000000800078a                SVC_Handler
 .text.DebugMon_Handler
                0x0000000008000798        0xe ./Core/Src/stm32l4xx_it.o
                0x0000000008000798                DebugMon_Handler
 .text.PendSV_Handler
                0x00000000080007a6        0xe ./Core/Src/stm32l4xx_it.o
                0x00000000080007a6                PendSV_Handler
 .text.SysTick_Handler
                0x00000000080007b4        0xc ./Core/Src/stm32l4xx_it.o
                0x00000000080007b4                SysTick_Handler
 .text.SystemInit
                0x00000000080007c0       0x24 ./Core/Src/system_stm32l4xx.o
                0x00000000080007c0                SystemInit
 .text.Reset_Handler
                0x00000000080007e4       0x50 ./Core/Startup/startup_stm32l475vgtx.o
                0x00000000080007e4                Reset_Handler
 .text.Default_Handler
                0x0000000008000834        0x2 ./Core/Startup/startup_stm32l475vgtx.o
                0x0000000008000834                RTC_Alarm_IRQHandler
                0x0000000008000834                EXTI2_IRQHandler
                0x0000000008000834                TIM8_TRG_COM_IRQHandler
                0x0000000008000834                TIM8_CC_IRQHandler
                0x0000000008000834                TIM1_CC_IRQHandler
                0x0000000008000834                TSC_IRQHandler
                0x0000000008000834                TAMP_STAMP_IRQHandler
                0x0000000008000834                EXTI3_IRQHandler
                0x0000000008000834                LPTIM2_IRQHandler
                0x0000000008000834                DFSDM1_FLT1_IRQHandler
                0x0000000008000834                I2C3_ER_IRQHandler
                0x0000000008000834                DFSDM1_FLT2_IRQHandler
                0x0000000008000834                EXTI0_IRQHandler
                0x0000000008000834                I2C2_EV_IRQHandler
                0x0000000008000834                CAN1_RX0_IRQHandler
                0x0000000008000834                FPU_IRQHandler
                0x0000000008000834                TIM1_UP_TIM16_IRQHandler
                0x0000000008000834                ADC1_2_IRQHandler
                0x0000000008000834                SPI1_IRQHandler
                0x0000000008000834                TIM6_DAC_IRQHandler
                0x0000000008000834                TIM8_UP_IRQHandler
                0x0000000008000834                DMA2_Channel2_IRQHandler
                0x0000000008000834                DMA1_Channel4_IRQHandler
                0x0000000008000834                SAI2_IRQHandler
                0x0000000008000834                DFSDM1_FLT3_IRQHandler
                0x0000000008000834                USART3_IRQHandler
                0x0000000008000834                DMA1_Channel7_IRQHandler
                0x0000000008000834                CAN1_RX1_IRQHandler
                0x0000000008000834                UART5_IRQHandler
                0x0000000008000834                ADC3_IRQHandler
                0x0000000008000834                TIM4_IRQHandler
                0x0000000008000834                DMA2_Channel1_IRQHandler
                0x0000000008000834                QUADSPI_IRQHandler
                0x0000000008000834                I2C1_EV_IRQHandler
                0x0000000008000834                DMA1_Channel6_IRQHandler
                0x0000000008000834                UART4_IRQHandler
                0x0000000008000834                DMA2_Channel4_IRQHandler
                0x0000000008000834                TIM3_IRQHandler
                0x0000000008000834                RCC_IRQHandler
                0x0000000008000834                DMA1_Channel1_IRQHandler
                0x0000000008000834                Default_Handler
                0x0000000008000834                DMA2_Channel7_IRQHandler
                0x0000000008000834                EXTI15_10_IRQHandler
                0x0000000008000834                TIM7_IRQHandler
                0x0000000008000834                SDMMC1_IRQHandler
                0x0000000008000834                TIM5_IRQHandler
                0x0000000008000834                I2C3_EV_IRQHandler
                0x0000000008000834                EXTI9_5_IRQHandler
                0x0000000008000834                RTC_WKUP_IRQHandler
                0x0000000008000834                PVD_PVM_IRQHandler
                0x0000000008000834                SPI2_IRQHandler
                0x0000000008000834                CAN1_TX_IRQHandler
                0x0000000008000834                DMA2_Channel5_IRQHandler
                0x0000000008000834                DMA1_Channel5_IRQHandler
                0x0000000008000834                EXTI4_IRQHandler
                0x0000000008000834                RNG_IRQHandler
                0x0000000008000834                TIM1_TRG_COM_TIM17_IRQHandler
                0x0000000008000834                DMA1_Channel3_IRQHandler
                0x0000000008000834                COMP_IRQHandler
                0x0000000008000834                WWDG_IRQHandler
                0x0000000008000834                LPUART1_IRQHandler
                0x0000000008000834                DMA2_Channel6_IRQHandler
                0x0000000008000834                TIM2_IRQHandler
                0x0000000008000834                EXTI1_IRQHandler
                0x0000000008000834                USART2_IRQHandler
                0x0000000008000834                DFSDM1_FLT0_IRQHandler
                0x0000000008000834                I2C2_ER_IRQHandler
                0x0000000008000834                DMA1_Channel2_IRQHandler
                0x0000000008000834                TIM8_BRK_IRQHandler
                0x0000000008000834                CAN1_SCE_IRQHandler
                0x0000000008000834                FLASH_IRQHandler
                0x0000000008000834                USART1_IRQHandler
                0x0000000008000834                OTG_FS_IRQHandler
                0x0000000008000834                SPI3_IRQHandler
                0x0000000008000834                I2C1_ER_IRQHandler
                0x0000000008000834                FMC_IRQHandler
                0x0000000008000834                SWPMI1_IRQHandler
                0x0000000008000834                LPTIM1_IRQHandler
                0x0000000008000834                SAI1_IRQHandler
                0x0000000008000834                DMA2_Channel3_IRQHandler
                0x0000000008000834                TIM1_BRK_TIM15_IRQHandler
 .text.HAL_Init
                0x0000000008000836       0x30 ./Drivers/STM32L4xx_HAL_Driver/Src/stm32l4xx_hal.o
                0x0000000008000836                HAL_Init
 *fill*         0x0000000008000866        0x2 
 .text.HAL_InitTick
                0x0000000008000868       0x78 ./Drivers/STM32L4xx_HAL_Driver/Src/stm32l4xx_hal.o
                0x0000000008000868                HAL_InitTick
 .text.HAL_IncTick
                0x00000000080008e0       0x28 ./Drivers/STM32L4xx_HAL_Driver/Src/stm32l4xx_hal.o
                0x00000000080008e0                HAL_IncTick
 .text.HAL_GetTick
                0x0000000008000908       0x18 ./Drivers/STM32L4xx_HAL_Driver/Src/stm32l4xx_hal.o
                0x0000000008000908                HAL_GetTick
 .text.__NVIC_SetPriorityGrouping
                0x0000000008000920       0x48 ./Drivers/STM32L4xx_HAL_Driver/Src/stm32l4xx_hal_cortex.o
 .text.__NVIC_GetPriorityGrouping
                0x0000000008000968       0x1c ./Drivers/STM32L4xx_HAL_Driver/Src/stm32l4xx_hal_cortex.o
 .text.__NVIC_SetPriority
                0x0000000008000984       0x54 ./Drivers/STM32L4xx_HAL_Driver/Src/stm32l4xx_hal_cortex.o
 .text.NVIC_EncodePriority
                0x00000000080009d8       0x66 ./Drivers/STM32L4xx_HAL_Driver/Src/stm32l4xx_hal_cortex.o
 *fill*         0x0000000008000a3e        0x2 
 .text.SysTick_Config
                0x0000000008000a40       0x44 ./Drivers/STM32L4xx_HAL_Driver/Src/stm32l4xx_hal_cortex.o
 .text.HAL_NVIC_SetPriorityGrouping
                0x0000000008000a84       0x16 ./Drivers/STM32L4xx_HAL_Driver/Src/stm32l4xx_hal_cortex.o
                0x0000000008000a84                HAL_NVIC_SetPriorityGrouping
 .text.HAL_NVIC_SetPriority
                0x0000000008000a9a       0x38 ./Drivers/STM32L4xx_HAL_Driver/Src/stm32l4xx_hal_cortex.o
                0x0000000008000a9a                HAL_NVIC_SetPriority
 .text.HAL_SYSTICK_Config
                0x0000000008000ad2       0x18 ./Drivers/STM32L4xx_HAL_Driver/Src/stm32l4xx_hal_cortex.o
                0x0000000008000ad2                HAL_SYSTICK_Config
 *fill*         0x0000000008000aea        0x2 
 .text.HAL_GPIO_Init
                0x0000000008000aec      0x354 ./Drivers/STM32L4xx_HAL_Driver/Src/stm32l4xx_hal_gpio.o
                0x0000000008000aec                HAL_GPIO_Init
 .text.HAL_GPIO_WritePin
                0x0000000008000e40       0x30 ./Drivers/STM32L4xx_HAL_Driver/Src/stm32l4xx_hal_gpio.o
                0x0000000008000e40                HAL_GPIO_WritePin
 .text.HAL_PWREx_GetVoltageRange
                0x0000000008000e70       0x1c ./Drivers/STM32L4xx_HAL_Driver/Src/stm32l4xx_hal_pwr_ex.o
                0x0000000008000e70                HAL_PWREx_GetVoltageRange
 .text.HAL_PWREx_ControlVoltageScaling
                0x0000000008000e8c       0xac ./Drivers/STM32L4xx_HAL_Driver/Src/stm32l4xx_hal_pwr_ex.o
                0x0000000008000e8c                HAL_PWREx_ControlVoltageScaling
 .text.HAL_RCC_OscConfig
                0x0000000008000f38      0x7b8 ./Drivers/STM32L4xx_HAL_Driver/Src/stm32l4xx_hal_rcc.o
                0x0000000008000f38                HAL_RCC_OscConfig
 .text.HAL_RCC_ClockConfig
                0x00000000080016f0      0x200 ./Drivers/STM32L4xx_HAL_Driver/Src/stm32l4xx_hal_rcc.o
                0x00000000080016f0                HAL_RCC_ClockConfig
 .text.HAL_RCC_GetSysClockFreq
                0x00000000080018f0      0x118 ./Drivers/STM32L4xx_HAL_Driver/Src/stm32l4xx_hal_rcc.o
                0x00000000080018f0                HAL_RCC_GetSysClockFreq
 .text.HAL_RCC_GetHCLKFreq
                0x0000000008001a08       0x18 ./Drivers/STM32L4xx_HAL_Driver/Src/stm32l4xx_hal_rcc.o
                0x0000000008001a08                HAL_RCC_GetHCLKFreq
 .text.HAL_RCC_GetPCLK1Freq
                0x0000000008001a20       0x2c ./Drivers/STM32L4xx_HAL_Driver/Src/stm32l4xx_hal_rcc.o
                0x0000000008001a20                HAL_RCC_GetPCLK1Freq
 .text.HAL_RCC_GetPCLK2Freq
                0x0000000008001a4c       0x2c ./Drivers/STM32L4xx_HAL_Driver/Src/stm32l4xx_hal_rcc.o
                0x0000000008001a4c                HAL_RCC_GetPCLK2Freq
 .text.RCC_SetFlashLatencyFromMSIRange
                0x0000000008001a78       0xc0 ./Drivers/STM32L4xx_HAL_Driver/Src/stm32l4xx_hal_rcc.o
 .text.HAL_RCCEx_PeriphCLKConfig
                0x0000000008001b38      0x5d4 ./Drivers/STM32L4xx_HAL_Driver/Src/stm32l4xx_hal_rcc_ex.o
                0x0000000008001b38                HAL_RCCEx_PeriphCLKConfig
 .text.RCCEx_PLLSAI1_Config
                0x000000000800210c      0x1e8 ./Drivers/STM32L4xx_HAL_Driver/Src/stm32l4xx_hal_rcc_ex.o
 .text.RCCEx_PLLSAI2_Config
                0x00000000080022f4      0x1bc ./Drivers/STM32L4xx_HAL_Driver/Src/stm32l4xx_hal_rcc_ex.o
 .text.HAL_UART_Init
                0x00000000080024b0       0x9c ./Drivers/STM32L4xx_HAL_Driver/Src/stm32l4xx_hal_uart.o
                0x00000000080024b0                HAL_UART_Init
 .text.UART_SetConfig
                0x000000000800254c      0x570 ./Drivers/STM32L4xx_HAL_Driver/Src/stm32l4xx_hal_uart.o
                0x000000000800254c                UART_SetConfig
 .text.UART_AdvFeatureConfig
                0x0000000008002abc      0x144 ./Drivers/STM32L4xx_HAL_Driver/Src/stm32l4xx_hal_uart.o
                0x0000000008002abc                UART_AdvFeatureConfig
 .text.UART_CheckIdleState
                0x0000000008002c00      0x150 ./Drivers/STM32L4xx_HAL_Driver/Src/stm32l4xx_hal_uart.o
                0x0000000008002c00                UART_CheckIdleState
 .text.UART_WaitOnFlagUntilTimeout
                0x0000000008002d50       0xda ./Drivers/STM32L4xx_HAL_Driver/Src/stm32l4xx_hal_uart.o
                0x0000000008002d50                UART_WaitOnFlagUntilTimeout
 .text.UART_EndRxTransfer
                0x0000000008002e2a       0xc8 ./Drivers/STM32L4xx_HAL_Driver/Src/stm32l4xx_hal_uart.o
 .text.memset   0x0000000008002ef2       0x10 /opt/st/stm32cubeide_1.13.2_2/plugins/com.st.stm32cube.ide.mcu.externaltools.gnu-tools-for-stm32.11.3.rel1.linux64_1.1.1.202309131626/tools/bin/../lib/gcc/arm-none-eabi/11.3.1/../../../../arm-none-eabi/lib/thumb/v7e-m+fp/hard/libc_nano.a(libc_a-memset.o)
                0x0000000008002ef2                memset
 *fill*         0x0000000008002f02        0x2 
 .text.__libc_init_array
                0x0000000008002f04       0x48 /opt/st/stm32cubeide_1.13.2_2/plugins/com.st.stm32cube.ide.mcu.externaltools.gnu-tools-for-stm32.11.3.rel1.linux64_1.1.1.202309131626/tools/bin/../lib/gcc/arm-none-eabi/11.3.1/../../../../arm-none-eabi/lib/thumb/v7e-m+fp/hard/libc_nano.a(libc_a-init.o)
                0x0000000008002f04                __libc_init_array
 *(.glue_7)
 .glue_7        0x0000000008002f4c        0x0 linker stubs
 *(.glue_7t)
 .glue_7t       0x0000000008002f4c        0x0 linker stubs
 *(.eh_frame)
 .eh_frame      0x0000000008002f4c        0x0 /opt/st/stm32cubeide_1.13.2_2/plugins/com.st.stm32cube.ide.mcu.externaltools.gnu-tools-for-stm32.11.3.rel1.linux64_1.1.1.202309131626/tools/bin/../lib/gcc/arm-none-eabi/11.3.1/thumb/v7e-m+fp/hard/crtbegin.o
 *(.init)
 .init          0x0000000008002f4c        0x4 /opt/st/stm32cubeide_1.13.2_2/plugins/com.st.stm32cube.ide.mcu.externaltools.gnu-tools-for-stm32.11.3.rel1.linux64_1.1.1.202309131626/tools/bin/../lib/gcc/arm-none-eabi/11.3.1/thumb/v7e-m+fp/hard/crti.o
                0x0000000008002f4c                _init
 .init          0x0000000008002f50        0x8 /opt/st/stm32cubeide_1.13.2_2/plugins/com.st.stm32cube.ide.mcu.externaltools.gnu-tools-for-stm32.11.3.rel1.linux64_1.1.1.202309131626/tools/bin/../lib/gcc/arm-none-eabi/11.3.1/thumb/v7e-m+fp/hard/crtn.o
 *(.fini)
 .fini          0x0000000008002f58        0x4 /opt/st/stm32cubeide_1.13.2_2/plugins/com.st.stm32cube.ide.mcu.externaltools.gnu-tools-for-stm32.11.3.rel1.linux64_1.1.1.202309131626/tools/bin/../lib/gcc/arm-none-eabi/11.3.1/thumb/v7e-m+fp/hard/crti.o
                0x0000000008002f58                _fini
 .fini          0x0000000008002f5c        0x8 /opt/st/stm32cubeide_1.13.2_2/plugins/com.st.stm32cube.ide.mcu.externaltools.gnu-tools-for-stm32.11.3.rel1.linux64_1.1.1.202309131626/tools/bin/../lib/gcc/arm-none-eabi/11.3.1/thumb/v7e-m+fp/hard/crtn.o
                0x0000000008002f64                . = ALIGN (0x4)
                0x0000000008002f64                _etext = .

.vfp11_veneer   0x0000000008002f64        0x0
 .vfp11_veneer  0x0000000008002f64        0x0 linker stubs

.v4_bx          0x0000000008002f64        0x0
 .v4_bx         0x0000000008002f64        0x0 linker stubs

.iplt           0x0000000008002f64        0x0
 .iplt          0x0000000008002f64        0x0 /opt/st/stm32cubeide_1.13.2_2/plugins/com.st.stm32cube.ide.mcu.externaltools.gnu-tools-for-stm32.11.3.rel1.linux64_1.1.1.202309131626/tools/bin/../lib/gcc/arm-none-eabi/11.3.1/thumb/v7e-m+fp/hard/crtbegin.o

.rodata         0x0000000008002f64       0x48
                0x0000000008002f64                . = ALIGN (0x4)
 *(.rodata)
 *(.rodata*)
 .rodata.AHBPrescTable
                0x0000000008002f64       0x10 ./Core/Src/system_stm32l4xx.o
                0x0000000008002f64                AHBPrescTable
 .rodata.APBPrescTable
                0x0000000008002f74        0x8 ./Core/Src/system_stm32l4xx.o
                0x0000000008002f74                APBPrescTable
 .rodata.MSIRangeTable
                0x0000000008002f7c       0x30 ./Core/Src/system_stm32l4xx.o
                0x0000000008002f7c                MSIRangeTable
                0x0000000008002fac                . = ALIGN (0x4)

.ARM.extab      0x0000000008002fac        0x0
                0x0000000008002fac                . = ALIGN (0x4)
 *(.ARM.extab* .gnu.linkonce.armextab.*)
                0x0000000008002fac                . = ALIGN (0x4)

.ARM            0x0000000008002fac        0x8
                0x0000000008002fac                . = ALIGN (0x4)
                0x0000000008002fac                __exidx_start = .
 *(.ARM.exidx*)
 .ARM.exidx     0x0000000008002fac        0x8 /opt/st/stm32cubeide_1.13.2_2/plugins/com.st.stm32cube.ide.mcu.externaltools.gnu-tools-for-stm32.11.3.rel1.linux64_1.1.1.202309131626/tools/bin/../lib/gcc/arm-none-eabi/11.3.1/thumb/v7e-m+fp/hard/libgcc.a(_udivmoddi4.o)
                0x0000000008002fb4                __exidx_end = .
                0x0000000008002fb4                . = ALIGN (0x4)

.rel.dyn        0x0000000008002fb4        0x0
 .rel.iplt      0x0000000008002fb4        0x0 /opt/st/stm32cubeide_1.13.2_2/plugins/com.st.stm32cube.ide.mcu.externaltools.gnu-tools-for-stm32.11.3.rel1.linux64_1.1.1.202309131626/tools/bin/../lib/gcc/arm-none-eabi/11.3.1/thumb/v7e-m+fp/hard/crtbegin.o

.preinit_array  0x0000000008002fb4        0x0
                0x0000000008002fb4                . = ALIGN (0x4)
                0x0000000008002fb4                PROVIDE (__preinit_array_start = .)
 *(.preinit_array*)
                0x0000000008002fb4                PROVIDE (__preinit_array_end = .)
                0x0000000008002fb4                . = ALIGN (0x4)

.init_array     0x0000000008002fb4        0x4
                0x0000000008002fb4                . = ALIGN (0x4)
                0x0000000008002fb4                PROVIDE (__init_array_start = .)
 *(SORT_BY_NAME(.init_array.*))
 *(.init_array*)
 .init_array    0x0000000008002fb4        0x4 /opt/st/stm32cubeide_1.13.2_2/plugins/com.st.stm32cube.ide.mcu.externaltools.gnu-tools-for-stm32.11.3.rel1.linux64_1.1.1.202309131626/tools/bin/../lib/gcc/arm-none-eabi/11.3.1/thumb/v7e-m+fp/hard/crtbegin.o
                0x0000000008002fb8                PROVIDE (__init_array_end = .)
                0x0000000008002fb8                . = ALIGN (0x4)

.fini_array     0x0000000008002fb8        0x4
                0x0000000008002fb8                . = ALIGN (0x4)
                [!provide]                        PROVIDE (__fini_array_start = .)
 *(SORT_BY_NAME(.fini_array.*))
 *(.fini_array*)
 .fini_array    0x0000000008002fb8        0x4 /opt/st/stm32cubeide_1.13.2_2/plugins/com.st.stm32cube.ide.mcu.externaltools.gnu-tools-for-stm32.11.3.rel1.linux64_1.1.1.202309131626/tools/bin/../lib/gcc/arm-none-eabi/11.3.1/thumb/v7e-m+fp/hard/crtbegin.o
                [!provide]                        PROVIDE (__fini_array_end = .)
                0x0000000008002fbc                . = ALIGN (0x4)
                0x0000000008002fbc                _sidata = LOADADDR (.data)

.data           0x0000000020000000        0xc load address 0x0000000008002fbc
                0x0000000020000000                . = ALIGN (0x4)
                0x0000000020000000                _sdata = .
 *(.data)
 *(.data*)
 .data.SystemCoreClock
                0x0000000020000000        0x4 ./Core/Src/system_stm32l4xx.o
                0x0000000020000000                SystemCoreClock
 .data.uwTickPrio
                0x0000000020000004        0x4 ./Drivers/STM32L4xx_HAL_Driver/Src/stm32l4xx_hal.o
                0x0000000020000004                uwTickPrio
 .data.uwTickFreq
                0x0000000020000008        0x1 ./Drivers/STM32L4xx_HAL_Driver/Src/stm32l4xx_hal.o
                0x0000000020000008                uwTickFreq
 *(.RamFunc)
 *(.RamFunc*)
                0x000000002000000c                . = ALIGN (0x4)
 *fill*         0x0000000020000009        0x3 
                0x000000002000000c                _edata = .

.igot.plt       0x000000002000000c        0x0 load address 0x0000000008002fc8
 .igot.plt      0x000000002000000c        0x0 /opt/st/stm32cubeide_1.13.2_2/plugins/com.st.stm32cube.ide.mcu.externaltools.gnu-tools-for-stm32.11.3.rel1.linux64_1.1.1.202309131626/tools/bin/../lib/gcc/arm-none-eabi/11.3.1/thumb/v7e-m+fp/hard/crtbegin.o
                0x000000002000000c                . = ALIGN (0x4)

.bss            0x000000002000000c       0xa8 load address 0x0000000008002fc8
                0x000000002000000c                _sbss = .
                0x000000002000000c                __bss_start__ = _sbss
 *(.bss)
 .bss           0x000000002000000c       0x1c /opt/st/stm32cubeide_1.13.2_2/plugins/com.st.stm32cube.ide.mcu.externaltools.gnu-tools-for-stm32.11.3.rel1.linux64_1.1.1.202309131626/tools/bin/../lib/gcc/arm-none-eabi/11.3.1/thumb/v7e-m+fp/hard/crtbegin.o
 *(.bss*)
 .bss.huart1    0x0000000020000028       0x88 ./Core/Src/main.o
                0x0000000020000028                huart1
 .bss.uwTick    0x00000000200000b0        0x4 ./Drivers/STM32L4xx_HAL_Driver/Src/stm32l4xx_hal.o
                0x00000000200000b0                uwTick
 *(COMMON)
                0x00000000200000b4                . = ALIGN (0x4)
                0x00000000200000b4                _ebss = .
                0x00000000200000b4                __bss_end__ = _ebss

._user_heap_stack
                0x00000000200000b4      0x604 load address 0x0000000008002fc8
                0x00000000200000b8                . = ALIGN (0x8)
 *fill*         0x00000000200000b4        0x4 
                [!provide]                        PROVIDE (end = .)
                0x00000000200000b8                PROVIDE (_end = .)
                0x00000000200002b8                . = (. + _Min_Heap_Size)
 *fill*         0x00000000200000b8      0x200 
                0x00000000200006b8                . = (. + _Min_Stack_Size)
 *fill*         0x00000000200002b8      0x400 
                0x00000000200006b8                . = ALIGN (0x8)

/DISCARD/
 libc.a(*)
 libm.a(*)
 libgcc.a(*)

.ARM.attributes
                0x0000000000000000       0x30
 *(.ARM.attributes)
 .ARM.attributes
                0x0000000000000000       0x1e /opt/st/stm32cubeide_1.13.2_2/plugins/com.st.stm32cube.ide.mcu.externaltools.gnu-tools-for-stm32.11.3.rel1.linux64_1.1.1.202309131626/tools/bin/../lib/gcc/arm-none-eabi/11.3.1/thumb/v7e-m+fp/hard/crti.o
 .ARM.attributes
                0x000000000000001e       0x34 /opt/st/stm32cubeide_1.13.2_2/plugins/com.st.stm32cube.ide.mcu.externaltools.gnu-tools-for-stm32.11.3.rel1.linux64_1.1.1.202309131626/tools/bin/../lib/gcc/arm-none-eabi/11.3.1/thumb/v7e-m+fp/hard/crtbegin.o
 .ARM.attributes
                0x0000000000000052       0x34 ./Core/Src/main.o
 .ARM.attributes
                0x0000000000000086       0x34 ./Core/Src/stm32l4xx_hal_msp.o
 .ARM.attributes
                0x00000000000000ba       0x34 ./Core/Src/stm32l4xx_it.o
 .ARM.attributes
                0x00000000000000ee       0x34 ./Core/Src/system_stm32l4xx.o
 .ARM.attributes
                0x0000000000000122       0x21 ./Core/Startup/startup_stm32l475vgtx.o
 .ARM.attributes
                0x0000000000000143       0x34 ./Drivers/STM32L4xx_HAL_Driver/Src/stm32l4xx_hal.o
 .ARM.attributes
                0x0000000000000177       0x34 ./Drivers/STM32L4xx_HAL_Driver/Src/stm32l4xx_hal_cortex.o
 .ARM.attributes
                0x00000000000001ab       0x34 ./Drivers/STM32L4xx_HAL_Driver/Src/stm32l4xx_hal_gpio.o
 .ARM.attributes
                0x00000000000001df       0x34 ./Drivers/STM32L4xx_HAL_Driver/Src/stm32l4xx_hal_pwr_ex.o
 .ARM.attributes
                0x0000000000000213       0x34 ./Drivers/STM32L4xx_HAL_Driver/Src/stm32l4xx_hal_rcc.o
 .ARM.attributes
                0x0000000000000247       0x34 ./Drivers/STM32L4xx_HAL_Driver/Src/stm32l4xx_hal_rcc_ex.o
 .ARM.attributes
                0x000000000000027b       0x34 ./Drivers/STM32L4xx_HAL_Driver/Src/stm32l4xx_hal_uart.o
 .ARM.attributes
                0x00000000000002af       0x34 /opt/st/stm32cubeide_1.13.2_2/plugins/com.st.stm32cube.ide.mcu.externaltools.gnu-tools-for-stm32.11.3.rel1.linux64_1.1.1.202309131626/tools/bin/../lib/gcc/arm-none-eabi/11.3.1/../../../../arm-none-eabi/lib/thumb/v7e-m+fp/hard/libc_nano.a(libc_a-memset.o)
 .ARM.attributes
                0x00000000000002e3       0x34 /opt/st/stm32cubeide_1.13.2_2/plugins/com.st.stm32cube.ide.mcu.externaltools.gnu-tools-for-stm32.11.3.rel1.linux64_1.1.1.202309131626/tools/bin/../lib/gcc/arm-none-eabi/11.3.1/../../../../arm-none-eabi/lib/thumb/v7e-m+fp/hard/libc_nano.a(libc_a-init.o)
 .ARM.attributes
                0x0000000000000317       0x1e /opt/st/stm32cubeide_1.13.2_2/plugins/com.st.stm32cube.ide.mcu.externaltools.gnu-tools-for-stm32.11.3.rel1.linux64_1.1.1.202309131626/tools/bin/../lib/gcc/arm-none-eabi/11.3.1/thumb/v7e-m+fp/hard/libgcc.a(_aeabi_uldivmod.o)
 .ARM.attributes
                0x0000000000000335       0x34 /opt/st/stm32cubeide_1.13.2_2/plugins/com.st.stm32cube.ide.mcu.externaltools.gnu-tools-for-stm32.11.3.rel1.linux64_1.1.1.202309131626/tools/bin/../lib/gcc/arm-none-eabi/11.3.1/thumb/v7e-m+fp/hard/libgcc.a(_udivmoddi4.o)
 .ARM.attributes
                0x0000000000000369       0x1e /opt/st/stm32cubeide_1.13.2_2/plugins/com.st.stm32cube.ide.mcu.externaltools.gnu-tools-for-stm32.11.3.rel1.linux64_1.1.1.202309131626/tools/bin/../lib/gcc/arm-none-eabi/11.3.1/thumb/v7e-m+fp/hard/libgcc.a(_dvmd_tls.o)
 .ARM.attributes
                0x0000000000000387       0x1e /opt/st/stm32cubeide_1.13.2_2/plugins/com.st.stm32cube.ide.mcu.externaltools.gnu-tools-for-stm32.11.3.rel1.linux64_1.1.1.202309131626/tools/bin/../lib/gcc/arm-none-eabi/11.3.1/thumb/v7e-m+fp/hard/crtn.o
OUTPUT(1_LED.elf elf32-littlearm)
LOAD linker stubs
LOAD /opt/st/stm32cubeide_1.13.2_2/plugins/com.st.stm32cube.ide.mcu.externaltools.gnu-tools-for-stm32.11.3.rel1.linux64_1.1.1.202309131626/tools/bin/../lib/gcc/arm-none-eabi/11.3.1/../../../../arm-none-eabi/lib/thumb/v7e-m+fp/hard/libc.a
LOAD /opt/st/stm32cubeide_1.13.2_2/plugins/com.st.stm32cube.ide.mcu.externaltools.gnu-tools-for-stm32.11.3.rel1.linux64_1.1.1.202309131626/tools/bin/../lib/gcc/arm-none-eabi/11.3.1/../../../../arm-none-eabi/lib/thumb/v7e-m+fp/hard/libm.a
LOAD /opt/st/stm32cubeide_1.13.2_2/plugins/com.st.stm32cube.ide.mcu.externaltools.gnu-tools-for-stm32.11.3.rel1.linux64_1.1.1.202309131626/tools/bin/../lib/gcc/arm-none-eabi/11.3.1/thumb/v7e-m+fp/hard/libgcc.a

.comment        0x0000000000000000       0x43
 .comment       0x0000000000000000       0x43 /opt/st/stm32cubeide_1.13.2_2/plugins/com.st.stm32cube.ide.mcu.externaltools.gnu-tools-for-stm32.11.3.rel1.linux64_1.1.1.202309131626/tools/bin/../lib/gcc/arm-none-eabi/11.3.1/thumb/v7e-m+fp/hard/crtbegin.o
                                         0x44 (size before relaxing)
 .comment       0x0000000000000043       0x44 ./Core/Src/main.o
 .comment       0x0000000000000043       0x44 ./Core/Src/stm32l4xx_hal_msp.o
 .comment       0x0000000000000043       0x44 ./Core/Src/stm32l4xx_it.o
 .comment       0x0000000000000043       0x44 ./Core/Src/system_stm32l4xx.o
 .comment       0x0000000000000043       0x44 ./Drivers/STM32L4xx_HAL_Driver/Src/stm32l4xx_hal.o
 .comment       0x0000000000000043       0x44 ./Drivers/STM32L4xx_HAL_Driver/Src/stm32l4xx_hal_cortex.o
 .comment       0x0000000000000043       0x44 ./Drivers/STM32L4xx_HAL_Driver/Src/stm32l4xx_hal_gpio.o
 .comment       0x0000000000000043       0x44 ./Drivers/STM32L4xx_HAL_Driver/Src/stm32l4xx_hal_pwr_ex.o
 .comment       0x0000000000000043       0x44 ./Drivers/STM32L4xx_HAL_Driver/Src/stm32l4xx_hal_rcc.o
 .comment       0x0000000000000043       0x44 ./Drivers/STM32L4xx_HAL_Driver/Src/stm32l4xx_hal_rcc_ex.o
 .comment       0x0000000000000043       0x44 ./Drivers/STM32L4xx_HAL_Driver/Src/stm32l4xx_hal_uart.o

.debug_info     0x0000000000000000     0x9fc7
 .debug_info    0x0000000000000000      0xd00 ./Core/Src/main.o
 .debug_info    0x0000000000000d00      0xd21 ./Core/Src/stm32l4xx_hal_msp.o
 .debug_info    0x0000000000001a21      0x113 ./Core/Src/stm32l4xx_it.o
 .debug_info    0x0000000000001b34      0x5b1 ./Core/Src/system_stm32l4xx.o
 .debug_info    0x00000000000020e5       0x23 ./Core/Startup/startup_stm32l475vgtx.o
 .debug_info    0x0000000000002108      0xae5 ./Drivers/STM32L4xx_HAL_Driver/Src/stm32l4xx_hal.o
 .debug_info    0x0000000000002bed      0xd7b ./Drivers/STM32L4xx_HAL_Driver/Src/stm32l4xx_hal_cortex.o
 .debug_info    0x0000000000003968      0x757 ./Drivers/STM32L4xx_HAL_Driver/Src/stm32l4xx_hal_gpio.o
 .debug_info    0x00000000000040bf      0x97a ./Drivers/STM32L4xx_HAL_Driver/Src/stm32l4xx_hal_pwr_ex.o
 .debug_info    0x0000000000004a39      0xc14 ./Drivers/STM32L4xx_HAL_Driver/Src/stm32l4xx_hal_rcc.o
 .debug_info    0x000000000000564d      0xe11 ./Drivers/STM32L4xx_HAL_Driver/Src/stm32l4xx_hal_rcc_ex.o
 .debug_info    0x000000000000645e     0x3b69 ./Drivers/STM32L4xx_HAL_Driver/Src/stm32l4xx_hal_uart.o

.debug_abbrev   0x0000000000000000     0x1718
 .debug_abbrev  0x0000000000000000      0x244 ./Core/Src/main.o
 .debug_abbrev  0x0000000000000244      0x1d2 ./Core/Src/stm32l4xx_hal_msp.o
 .debug_abbrev  0x0000000000000416       0x73 ./Core/Src/stm32l4xx_it.o
 .debug_abbrev  0x0000000000000489      0x11a ./Core/Src/system_stm32l4xx.o
 .debug_abbrev  0x00000000000005a3       0x12 ./Core/Startup/startup_stm32l475vgtx.o
 .debug_abbrev  0x00000000000005b5      0x242 ./Drivers/STM32L4xx_HAL_Driver/Src/stm32l4xx_hal.o
 .debug_abbrev  0x00000000000007f7      0x31c ./Drivers/STM32L4xx_HAL_Driver/Src/stm32l4xx_hal_cortex.o
 .debug_abbrev  0x0000000000000b13      0x1cb ./Drivers/STM32L4xx_HAL_Driver/Src/stm32l4xx_hal_gpio.o
 .debug_abbrev  0x0000000000000cde      0x1f9 ./Drivers/STM32L4xx_HAL_Driver/Src/stm32l4xx_hal_pwr_ex.o
 .debug_abbrev  0x0000000000000ed7      0x2cb ./Drivers/STM32L4xx_HAL_Driver/Src/stm32l4xx_hal_rcc.o
 .debug_abbrev  0x00000000000011a2      0x2a6 ./Drivers/STM32L4xx_HAL_Driver/Src/stm32l4xx_hal_rcc_ex.o
 .debug_abbrev  0x0000000000001448      0x2d0 ./Drivers/STM32L4xx_HAL_Driver/Src/stm32l4xx_hal_uart.o

.debug_aranges  0x0000000000000000      0x898
 .debug_aranges
                0x0000000000000000       0x40 ./Core/Src/main.o
 .debug_aranges
                0x0000000000000040       0x30 ./Core/Src/stm32l4xx_hal_msp.o
 .debug_aranges
                0x0000000000000070       0x60 ./Core/Src/stm32l4xx_it.o
 .debug_aranges
                0x00000000000000d0       0x28 ./Core/Src/system_stm32l4xx.o
 .debug_aranges
                0x00000000000000f8       0x28 ./Core/Startup/startup_stm32l475vgtx.o
 .debug_aranges
                0x0000000000000120      0x130 ./Drivers/STM32L4xx_HAL_Driver/Src/stm32l4xx_hal.o
 .debug_aranges
                0x0000000000000250      0x128 ./Drivers/STM32L4xx_HAL_Driver/Src/stm32l4xx_hal_cortex.o
 .debug_aranges
                0x0000000000000378       0x58 ./Drivers/STM32L4xx_HAL_Driver/Src/stm32l4xx_hal_gpio.o
 .debug_aranges
                0x00000000000003d0      0x150 ./Drivers/STM32L4xx_HAL_Driver/Src/stm32l4xx_hal_pwr_ex.o
 .debug_aranges
                0x0000000000000520       0x90 ./Drivers/STM32L4xx_HAL_Driver/Src/stm32l4xx_hal_rcc.o
 .debug_aranges
                0x00000000000005b0       0xc0 ./Drivers/STM32L4xx_HAL_Driver/Src/stm32l4xx_hal_rcc_ex.o
 .debug_aranges
                0x0000000000000670      0x228 ./Drivers/STM32L4xx_HAL_Driver/Src/stm32l4xx_hal_uart.o

.debug_rnglists
                0x0000000000000000      0x694
 .debug_rnglists
                0x0000000000000000       0x2c ./Core/Src/main.o
 .debug_rnglists
                0x000000000000002c       0x20 ./Core/Src/stm32l4xx_hal_msp.o
 .debug_rnglists
                0x000000000000004c       0x43 ./Core/Src/stm32l4xx_it.o
 .debug_rnglists
                0x000000000000008f       0x1a ./Core/Src/system_stm32l4xx.o
 .debug_rnglists
                0x00000000000000a9       0x19 ./Core/Startup/startup_stm32l475vgtx.o
 .debug_rnglists
                0x00000000000000c2       0xdf ./Drivers/STM32L4xx_HAL_Driver/Src/stm32l4xx_hal.o
 .debug_rnglists
                0x00000000000001a1       0xda ./Drivers/STM32L4xx_HAL_Driver/Src/stm32l4xx_hal_cortex.o
 .debug_rnglists
                0x000000000000027b       0x3f ./Drivers/STM32L4xx_HAL_Driver/Src/stm32l4xx_hal_gpio.o
 .debug_rnglists
                0x00000000000002ba       0xfd ./Drivers/STM32L4xx_HAL_Driver/Src/stm32l4xx_hal_pwr_ex.o
 .debug_rnglists
                0x00000000000003b7       0x6d ./Drivers/STM32L4xx_HAL_Driver/Src/stm32l4xx_hal_rcc.o
 .debug_rnglists
                0x0000000000000424       0x95 ./Drivers/STM32L4xx_HAL_Driver/Src/stm32l4xx_hal_rcc_ex.o
 .debug_rnglists
                0x00000000000004b9      0x1db ./Drivers/STM32L4xx_HAL_Driver/Src/stm32l4xx_hal_uart.o

.debug_macro    0x0000000000000000    0x247d6
 .debug_macro   0x0000000000000000      0x1bb ./Core/Src/main.o
 .debug_macro   0x00000000000001bb      0xaa8 ./Core/Src/main.o
 .debug_macro   0x0000000000000c63      0x1a1 ./Core/Src/main.o
 .debug_macro   0x0000000000000e04       0x2e ./Core/Src/main.o
 .debug_macro   0x0000000000000e32       0x28 ./Core/Src/main.o
 .debug_macro   0x0000000000000e5a       0x22 ./Core/Src/main.o
 .debug_macro   0x0000000000000e7c       0x8e ./Core/Src/main.o
 .debug_macro   0x0000000000000f0a       0x51 ./Core/Src/main.o
 .debug_macro   0x0000000000000f5b      0x103 ./Core/Src/main.o
 .debug_macro   0x000000000000105e       0x6a ./Core/Src/main.o
 .debug_macro   0x00000000000010c8      0x1df ./Core/Src/main.o
 .debug_macro   0x00000000000012a7       0x1c ./Core/Src/main.o
 .debug_macro   0x00000000000012c3       0x22 ./Core/Src/main.o
 .debug_macro   0x00000000000012e5       0xfb ./Core/Src/main.o
 .debug_macro   0x00000000000013e0     0x1011 ./Core/Src/main.o
 .debug_macro   0x00000000000023f1      0x11f ./Core/Src/main.o
 .debug_macro   0x0000000000002510    0x19dc7 ./Core/Src/main.o
 .debug_macro   0x000000000001c2d7       0x6d ./Core/Src/main.o
 .debug_macro   0x000000000001c344     0x38fb ./Core/Src/main.o
 .debug_macro   0x000000000001fc3f      0x174 ./Core/Src/main.o
 .debug_macro   0x000000000001fdb3       0x5c ./Core/Src/main.o
 .debug_macro   0x000000000001fe0f     0x1558 ./Core/Src/main.o
 .debug_macro   0x0000000000021367      0x5a5 ./Core/Src/main.o
 .debug_macro   0x000000000002190c      0x1b9 ./Core/Src/main.o
 .debug_macro   0x0000000000021ac5      0x17d ./Core/Src/main.o
 .debug_macro   0x0000000000021c42      0x26b ./Core/Src/main.o
 .debug_macro   0x0000000000021ead      0x23d ./Core/Src/main.o
 .debug_macro   0x00000000000220ea      0x241 ./Core/Src/main.o
 .debug_macro   0x000000000002232b      0x37c ./Core/Src/main.o
 .debug_macro   0x00000000000226a7       0xd6 ./Core/Src/main.o
 .debug_macro   0x000000000002277d      0x122 ./Core/Src/main.o
 .debug_macro   0x000000000002289f      0x3e8 ./Core/Src/main.o
 .debug_macro   0x0000000000022c87      0x5cf ./Core/Src/main.o
 .debug_macro   0x0000000000023256       0x44 ./Core/Src/main.o
 .debug_macro   0x000000000002329a      0x330 ./Core/Src/main.o
 .debug_macro   0x00000000000235ca       0x10 ./Core/Src/main.o
 .debug_macro   0x00000000000235da      0x1bb ./Core/Src/stm32l4xx_hal_msp.o
 .debug_macro   0x0000000000023795      0x1c5 ./Core/Src/stm32l4xx_it.o
 .debug_macro   0x000000000002395a      0x1ac ./Core/Src/system_stm32l4xx.o
 .debug_macro   0x0000000000023b06      0x1fa ./Drivers/STM32L4xx_HAL_Driver/Src/stm32l4xx_hal.o
 .debug_macro   0x0000000000023d00      0x1ac ./Drivers/STM32L4xx_HAL_Driver/Src/stm32l4xx_hal_cortex.o
 .debug_macro   0x0000000000023eac      0x1b3 ./Drivers/STM32L4xx_HAL_Driver/Src/stm32l4xx_hal_gpio.o
 .debug_macro   0x000000000002405f      0x1d0 ./Drivers/STM32L4xx_HAL_Driver/Src/stm32l4xx_hal_pwr_ex.o
 .debug_macro   0x000000000002422f      0x1ee ./Drivers/STM32L4xx_HAL_Driver/Src/stm32l4xx_hal_rcc.o
 .debug_macro   0x000000000002441d      0x1e2 ./Drivers/STM32L4xx_HAL_Driver/Src/stm32l4xx_hal_rcc_ex.o
 .debug_macro   0x00000000000245ff      0x1d7 ./Drivers/STM32L4xx_HAL_Driver/Src/stm32l4xx_hal_uart.o

.debug_line     0x0000000000000000     0x9e6c
 .debug_line    0x0000000000000000      0x746 ./Core/Src/main.o
 .debug_line    0x0000000000000746      0x6c3 ./Core/Src/stm32l4xx_hal_msp.o
 .debug_line    0x0000000000000e09      0x726 ./Core/Src/stm32l4xx_it.o
 .debug_line    0x000000000000152f      0x6fb ./Core/Src/system_stm32l4xx.o
 .debug_line    0x0000000000001c2a       0x7a ./Core/Startup/startup_stm32l475vgtx.o
 .debug_line    0x0000000000001ca4      0xa53 ./Drivers/STM32L4xx_HAL_Driver/Src/stm32l4xx_hal.o
 .debug_line    0x00000000000026f7      0xc28 ./Drivers/STM32L4xx_HAL_Driver/Src/stm32l4xx_hal_cortex.o
 .debug_line    0x000000000000331f      0xac7 ./Drivers/STM32L4xx_HAL_Driver/Src/stm32l4xx_hal_gpio.o
 .debug_line    0x0000000000003de6      0xc1b ./Drivers/STM32L4xx_HAL_Driver/Src/stm32l4xx_hal_pwr_ex.o
 .debug_line    0x0000000000004a01      0xecc ./Drivers/STM32L4xx_HAL_Driver/Src/stm32l4xx_hal_rcc.o
 .debug_line    0x00000000000058cd     0x1444 ./Drivers/STM32L4xx_HAL_Driver/Src/stm32l4xx_hal_rcc_ex.o
 .debug_line    0x0000000000006d11     0x315b ./Drivers/STM32L4xx_HAL_Driver/Src/stm32l4xx_hal_uart.o

.debug_str      0x0000000000000000    0xe25b0
 .debug_str     0x0000000000000000    0xdfc8d ./Core/Src/main.o
                                      0xdff7a (size before relaxing)
 .debug_str     0x00000000000dfc8d      0x2da ./Core/Src/stm32l4xx_hal_msp.o
                                      0xe004b (size before relaxing)
 .debug_str     0x00000000000dff67       0xc9 ./Core/Src/stm32l4xx_it.o
                                      0xdf7ad (size before relaxing)
 .debug_str     0x00000000000e0030       0xf2 ./Core/Src/system_stm32l4xx.o
                                      0xdf912 (size before relaxing)
 .debug_str     0x00000000000e0122       0x34 ./Core/Startup/startup_stm32l475vgtx.o
                                         0x8c (size before relaxing)
 .debug_str     0x00000000000e0156      0xa9f ./Drivers/STM32L4xx_HAL_Driver/Src/stm32l4xx_hal.o
                                      0xe049c (size before relaxing)
 .debug_str     0x00000000000e0bf5      0x37c ./Drivers/STM32L4xx_HAL_Driver/Src/stm32l4xx_hal_cortex.o
                                      0xe0182 (size before relaxing)
 .debug_str     0x00000000000e0f71      0x123 ./Drivers/STM32L4xx_HAL_Driver/Src/stm32l4xx_hal_gpio.o
                                      0xdfa8b (size before relaxing)
 .debug_str     0x00000000000e1094      0x4a8 ./Drivers/STM32L4xx_HAL_Driver/Src/stm32l4xx_hal_pwr_ex.o
                                      0xdfe32 (size before relaxing)
 .debug_str     0x00000000000e153c      0x3ac ./Drivers/STM32L4xx_HAL_Driver/Src/stm32l4xx_hal_rcc.o
                                      0xdff58 (size before relaxing)
 .debug_str     0x00000000000e18e8      0x3bf ./Drivers/STM32L4xx_HAL_Driver/Src/stm32l4xx_hal_rcc_ex.o
                                      0xe00d1 (size before relaxing)
 .debug_str     0x00000000000e1ca7      0x909 ./Drivers/STM32L4xx_HAL_Driver/Src/stm32l4xx_hal_uart.o
                                      0xe066a (size before relaxing)

.debug_frame    0x0000000000000000     0x2250
 .debug_frame   0x0000000000000000       0xa8 ./Core/Src/main.o
 .debug_frame   0x00000000000000a8       0x84 ./Core/Src/stm32l4xx_hal_msp.o
 .debug_frame   0x000000000000012c      0x104 ./Core/Src/stm32l4xx_it.o
 .debug_frame   0x0000000000000230       0x58 ./Core/Src/system_stm32l4xx.o
 .debug_frame   0x0000000000000288      0x498 ./Drivers/STM32L4xx_HAL_Driver/Src/stm32l4xx_hal.o
 .debug_frame   0x0000000000000720      0x4e8 ./Drivers/STM32L4xx_HAL_Driver/Src/stm32l4xx_hal_cortex.o
 .debug_frame   0x0000000000000c08      0x14c ./Drivers/STM32L4xx_HAL_Driver/Src/stm32l4xx_hal_gpio.o
 .debug_frame   0x0000000000000d54      0x544 ./Drivers/STM32L4xx_HAL_Driver/Src/stm32l4xx_hal_pwr_ex.o
 .debug_frame   0x0000000000001298      0x21c ./Drivers/STM32L4xx_HAL_Driver/Src/stm32l4xx_hal_rcc.o
 .debug_frame   0x00000000000014b4      0x2fc ./Drivers/STM32L4xx_HAL_Driver/Src/stm32l4xx_hal_rcc_ex.o
 .debug_frame   0x00000000000017b0      0x9f4 ./Drivers/STM32L4xx_HAL_Driver/Src/stm32l4xx_hal_uart.o
 .debug_frame   0x00000000000021a4       0x20 /opt/st/stm32cubeide_1.13.2_2/plugins/com.st.stm32cube.ide.mcu.externaltools.gnu-tools-for-stm32.11.3.rel1.linux64_1.1.1.202309131626/tools/bin/../lib/gcc/arm-none-eabi/11.3.1/../../../../arm-none-eabi/lib/thumb/v7e-m+fp/hard/libc_nano.a(libc_a-memset.o)
 .debug_frame   0x00000000000021c4       0x2c /opt/st/stm32cubeide_1.13.2_2/plugins/com.st.stm32cube.ide.mcu.externaltools.gnu-tools-for-stm32.11.3.rel1.linux64_1.1.1.202309131626/tools/bin/../lib/gcc/arm-none-eabi/11.3.1/../../../../arm-none-eabi/lib/thumb/v7e-m+fp/hard/libc_nano.a(libc_a-init.o)
 .debug_frame   0x00000000000021f0       0x2c /opt/st/stm32cubeide_1.13.2_2/plugins/com.st.stm32cube.ide.mcu.externaltools.gnu-tools-for-stm32.11.3.rel1.linux64_1.1.1.202309131626/tools/bin/../lib/gcc/arm-none-eabi/11.3.1/thumb/v7e-m+fp/hard/libgcc.a(_aeabi_uldivmod.o)
 .debug_frame   0x000000000000221c       0x34 /opt/st/stm32cubeide_1.13.2_2/plugins/com.st.stm32cube.ide.mcu.externaltools.gnu-tools-for-stm32.11.3.rel1.linux64_1.1.1.202309131626/tools/bin/../lib/gcc/arm-none-eabi/11.3.1/thumb/v7e-m+fp/hard/libgcc.a(_udivmoddi4.o)

.debug_line_str
                0x0000000000000000       0x80
 .debug_line_str
                0x0000000000000000       0x80 ./Core/Startup/startup_stm32l475vgtx.o
                                         0x98 (size before relaxing)
